<html>
<body>
<pre>
<h1>µVision Build Log</h1>
<h2>Project:</h2>
C:\Keil\RTOS\even_odd_led_blink.uvproj
Project File Date:  02/19/2026

<h2>Output:</h2>
Rebuild target 'Target 1'
compiling list.c...
compiling queue.c...
..\FreeRTOS_V9.0.0rc2\FreeRTOS\Source\queue.c(471): warning:  #177-D: function "prvInitialiseMutex" was declared but never referenced
compiling tasks.c...
compiling port.c...
assembling portASM.s...
compiling heap_2.c...
assembling Startup.s...
linking...
even_odd_led_blink.axf: Error: L6218E: Undefined symbol main (referred from rtentry2.o).
Target not created
Rebuild target 'Target 1'
compiling list.c...
compiling queue.c...
..\FreeRTOS_V9.0.0rc2\FreeRTOS\Source\queue.c(471): warning:  #177-D: function "prvInitialiseMutex" was declared but never referenced
compiling tasks.c...
compiling port.c...
assembling portASM.s...
compiling heap_2.c...
assembling Startup.s...
compiling even_odd_led.c...
linking...
Program Size: Code=10012 RO-data=32 RW-data=88 ZI-data=18232  
FromELF: creating hex file...
"even_odd_led_blink.axf" - 0 Error(s), 1 Warning(s).
Rebuild target 'Target 1'
compiling list.c...
compiling queue.c...
..\FreeRTOS_V9.0.0rc2\FreeRTOS\Source\queue.c(471): warning:  #177-D: function "prvInitialiseMutex" was declared but never referenced
compiling tasks.c...
compiling port.c...
assembling portASM.s...
compiling heap_2.c...
assembling Startup.s...
compiling even_odd_led.c...
linking...
Program Size: Code=10012 RO-data=32 RW-data=88 ZI-data=18232  
FromELF: creating hex file...
"even_odd_led_blink.axf" - 0 Error(s), 1 Warning(s).
