<html>
<body>
<pre>
<h1>µVision Build Log</h1>
<h2>Project:</h2>
C:\Keil\RTOS\led_lcd_dispaly\LED_LCD.uvproj
Project File Date:  02/20/2026

<h2>Output:</h2>
Rebuild target 'Target 1'
compiling list.c...
compiling queue.c...
..\..\FreeRTOS_V9.0.0rc2\FreeRTOS\Source\queue.c(471): warning:  #177-D: function "prvInitialiseMutex" was declared but never referenced
compiling tasks.c...
compiling port.c...
assembling portASM.s...
compiling heap_4.c...
assembling Startup.s...
compiling led_lcd.c...
led_lcd.c(87): warning:  #1-D: last line of file ends without a newline
linking...
Program Size: Code=10656 RO-data=32 RW-data=88 ZI-data=18232  
FromELF: creating hex file...
"LED_LCD.axf" - 0 Error(s), 2 Warning(s).
Rebuild target 'Target 1'
compiling list.c...
compiling queue.c...
..\..\FreeRTOS_V9.0.0rc2\FreeRTOS\Source\queue.c(471): warning:  #177-D: function "prvInitialiseMutex" was declared but never referenced
compiling tasks.c...
compiling port.c...
assembling portASM.s...
compiling heap_4.c...
assembling Startup.s...
compiling led_lcd.c...
linking...
Program Size: Code=10656 RO-data=32 RW-data=88 ZI-data=18232  
FromELF: creating hex file...
"LED_LCD.axf" - 0 Error(s), 1 Warning(s).
Rebuild target 'Target 1'
compiling list.c...
compiling queue.c...
..\..\FreeRTOS_V9.0.0rc2\FreeRTOS\Source\queue.c(471): warning:  #177-D: function "prvInitialiseMutex" was declared but never referenced
compiling tasks.c...
compiling port.c...
assembling portASM.s...
compiling heap_4.c...
assembling Startup.s...
compiling led_lcd.c...
linking...
Program Size: Code=10652 RO-data=32 RW-data=88 ZI-data=18232  
FromELF: creating hex file...
"LED_LCD.axf" - 0 Error(s), 1 Warning(s).
Rebuild target 'Target 1'
compiling list.c...
compiling queue.c...
..\..\FreeRTOS_V9.0.0rc2\FreeRTOS\Source\queue.c(471): warning:  #177-D: function "prvInitialiseMutex" was declared but never referenced
compiling tasks.c...
compiling port.c...
assembling portASM.s...
compiling heap_4.c...
assembling Startup.s...
compiling led_lcd.c...
linking...
Program Size: Code=10652 RO-data=32 RW-data=88 ZI-data=18232  
FromELF: creating hex file...
"LED_LCD.axf" - 0 Error(s), 1 Warning(s).
Rebuild target 'Target 1'
compiling list.c...
compiling queue.c...
..\..\FreeRTOS_V9.0.0rc2\FreeRTOS\Source\queue.c(471): warning:  #177-D: function "prvInitialiseMutex" was declared but never referenced
compiling tasks.c...
compiling port.c...
assembling portASM.s...
compiling heap_4.c...
assembling Startup.s...
compiling led_lcd.c...
linking...
Program Size: Code=10648 RO-data=32 RW-data=88 ZI-data=18232  
FromELF: creating hex file...
"LED_LCD.axf" - 0 Error(s), 1 Warning(s).
Rebuild target 'Target 1'
compiling list.c...
compiling queue.c...
..\..\FreeRTOS_V9.0.0rc2\FreeRTOS\Source\queue.c(471): warning:  #177-D: function "prvInitialiseMutex" was declared but never referenced
compiling tasks.c...
compiling port.c...
assembling portASM.s...
compiling heap_4.c...
assembling Startup.s...
compiling led_lcd.c...
led_lcd.c(130): warning:  #1-D: last line of file ends without a newline
linking...
Program Size: Code=10732 RO-data=32 RW-data=88 ZI-data=18232  
FromELF: creating hex file...
"LED_LCD.axf" - 0 Error(s), 2 Warning(s).
Rebuild target 'Target 1'
compiling list.c...
compiling queue.c...
..\..\FreeRTOS_V9.0.0rc2\FreeRTOS\Source\queue.c(471): warning:  #177-D: function "prvInitialiseMutex" was declared but never referenced
compiling tasks.c...
compiling port.c...
assembling portASM.s...
compiling heap_4.c...
assembling Startup.s...
compiling led_lcd.c...
led_lcd.c(130): warning:  #1-D: last line of file ends without a newline
linking...
Program Size: Code=10732 RO-data=32 RW-data=88 ZI-data=18232  
FromELF: creating hex file...
"LED_LCD.axf" - 0 Error(s), 2 Warning(s).
Rebuild target 'Target 1'
compiling list.c...
compiling queue.c...
..\..\FreeRTOS_V9.0.0rc2\FreeRTOS\Source\queue.c(471): warning:  #177-D: function "prvInitialiseMutex" was declared but never referenced
compiling tasks.c...
compiling port.c...
assembling portASM.s...
compiling heap_4.c...
assembling Startup.s...
compiling led_lcd.c...
led_lcd.c(130): warning:  #1-D: last line of file ends without a newline
linking...
Program Size: Code=10732 RO-data=32 RW-data=88 ZI-data=18232  
FromELF: creating hex file...
"LED_LCD.axf" - 0 Error(s), 2 Warning(s).
Build target 'Target 1'
compiling led_lcd.c...
led_lcd.c(120): warning:  #1-D: last line of file ends without a newline
linking...
Program Size: Code=10732 RO-data=32 RW-data=88 ZI-data=18232  
FromELF: creating hex file...
"LED_LCD.axf" - 0 Error(s), 1 Warning(s).
Rebuild target 'Target 1'
compiling list.c...
compiling queue.c...
..\..\FreeRTOS_V9.0.0rc2\FreeRTOS\Source\queue.c(471): warning:  #177-D: function "prvInitialiseMutex" was declared but never referenced
compiling tasks.c...
compiling port.c...
assembling portASM.s...
compiling heap_4.c...
assembling Startup.s...
compiling led_lcd.c...
led_lcd.c(120): warning:  #1-D: last line of file ends without a newline
linking...
Program Size: Code=10732 RO-data=32 RW-data=88 ZI-data=18232  
FromELF: creating hex file...
"LED_LCD.axf" - 0 Error(s), 2 Warning(s).
Rebuild target 'Target 1'
compiling list.c...
compiling queue.c...
..\..\FreeRTOS_V9.0.0rc2\FreeRTOS\Source\queue.c(471): warning:  #177-D: function "prvInitialiseMutex" was declared but never referenced
compiling tasks.c...
compiling port.c...
assembling portASM.s...
compiling heap_4.c...
assembling Startup.s...
compiling led_lcd.c...
led_lcd.c(120): warning:  #1-D: last line of file ends without a newline
linking...
Program Size: Code=10732 RO-data=32 RW-data=88 ZI-data=18232  
FromELF: creating hex file...
"LED_LCD.axf" - 0 Error(s), 2 Warning(s).
