<html>
<body>
<pre>
<h1>µVision Build Log</h1>
<h2>Project:</h2>
C:\Keil\RTOS-LPC2148\SPI\pattern generator using spi\74HC595 SPI LED Pattern Generator.uvproj
Project File Date:  02/24/2026

<h2>Output:</h2>
Rebuild target 'Target 1'
compiling list.c...
..\..\..\FreeRTOS_V9.0.0rc2\FreeRTOS\Source\list.c(72): error:  #5: cannot open source input file "FreeRTOS.h": No such file or directory
compiling queue.c...
..\..\..\FreeRTOS_V9.0.0rc2\FreeRTOS\Source\queue.c(78): error:  #5: cannot open source input file "FreeRTOS.h": No such file or directory
compiling tasks.c...
..\..\..\FreeRTOS_V9.0.0rc2\FreeRTOS\Source\tasks.c(80): error:  #5: cannot open source input file "FreeRTOS.h": No such file or directory
compiling port.c...
..\..\..\FreeRTOS_V9.0.0rc2\FreeRTOS\Source\portable\RVDS\ARM7_LPC21xx\port.c(75): error:  #5: cannot open source input file "FreeRTOS.h": No such file or directory
assembling portASM.s...
assembling Startup.s...
compiling led_pattern.c...
led_pattern.c(2): error:  #5: cannot open source input file "FreeRTOS.h": No such file or directory
Target not created
Rebuild target 'Target 1'
compiling list.c...
compiling queue.c...
..\..\..\FreeRTOS_V9.0.0rc2\FreeRTOS\Source\queue.c(471): warning:  #177-D: function "prvInitialiseMutex" was declared but never referenced
compiling tasks.c...
compiling port.c...
assembling portASM.s...
assembling Startup.s...
compiling led_pattern.c...
led_pattern.c(90): warning:  #1-D: last line of file ends without a newline
linking...
74HC595 SPI LED Pattern Generator.axf: Error: L6218E: Undefined symbol pvPortMalloc (referred from queue.o).
74HC595 SPI LED Pattern Generator.axf: Error: L6218E: Undefined symbol vPortFree (referred from queue.o).
Target not created
Rebuild target 'Target 1'
compiling list.c...
compiling queue.c...
..\..\..\FreeRTOS_V9.0.0rc2\FreeRTOS\Source\queue.c(471): warning:  #177-D: function "prvInitialiseMutex" was declared but never referenced
compiling tasks.c...
compiling port.c...
assembling portASM.s...
assembling Startup.s...
compiling led_pattern.c...
linking...
74HC595 SPI LED Pattern Generator.axf: Error: L6218E: Undefined symbol pvPortMalloc (referred from queue.o).
74HC595 SPI LED Pattern Generator.axf: Error: L6218E: Undefined symbol vPortFree (referred from queue.o).
Target not created
Rebuild target 'Target 1'
compiling list.c...
compiling queue.c...
..\..\..\FreeRTOS_V9.0.0rc2\FreeRTOS\Source\queue.c(471): warning:  #177-D: function "prvInitialiseMutex" was declared but never referenced
compiling tasks.c...
compiling port.c...
assembling portASM.s...
assembling Startup.s...
compiling led_pattern.c...
compiling heap_4.c...
linking...
Program Size: Code=13644 RO-data=32 RW-data=92 ZI-data=18228  
FromELF: creating hex file...
"74HC595 SPI LED Pattern Generator.axf" - 0 Error(s), 1 Warning(s).
Rebuild target 'Target 1'
compiling list.c...
compiling queue.c...
..\..\..\FreeRTOS_V9.0.0rc2\FreeRTOS\Source\queue.c(471): warning:  #177-D: function "prvInitialiseMutex" was declared but never referenced
compiling tasks.c...
compiling port.c...
assembling portASM.s...
assembling Startup.s...
compiling led_pattern.c...
compiling heap_4.c...
linking...
Program Size: Code=13644 RO-data=32 RW-data=92 ZI-data=18228  
FromELF: creating hex file...
"74HC595 SPI LED Pattern Generator.axf" - 0 Error(s), 1 Warning(s).
