<html>
<body>
<pre>
<h1>µVision Build Log</h1>
<h2>Project:</h2>
C:\Keil\RTOS\LED_blink\led_blink.uvproj
Project File Date:  02/19/2026

<h2>Output:</h2>
Rebuild target 'Target 1'
compiling heap_4.c...
compiling list.c...
compiling queue.c...
C:\Keil\FreeRTOS_V9.0.0rc2\FreeRTOS\Source\queue.c(472): warning:  #177-D: function "prvInitialiseMutex" was declared but never referenced
compiling tasks.c...
compiling port.c...
assembling portASM.s...
compiling led_blink_freertos.c...
assembling Startup.s...
linking...
Program Size: Code=10348 RO-data=32 RW-data=88 ZI-data=18232  
FromELF: creating hex file...
"led_blink.axf" - 0 Error(s), 1 Warning(s).
Rebuild target 'Target 1'
compiling heap_4.c...
compiling list.c...
compiling queue.c...
C:\Keil\FreeRTOS_V9.0.0rc2\FreeRTOS\Source\queue.c(472): warning:  #177-D: function "prvInitialiseMutex" was declared but never referenced
compiling tasks.c...
compiling port.c...
assembling portASM.s...
compiling led_blink_freertos.c...
assembling Startup.s...
linking...
Program Size: Code=10348 RO-data=32 RW-data=88 ZI-data=18232  
FromELF: creating hex file...
"led_blink.axf" - 0 Error(s), 1 Warning(s).
Rebuild target 'Target 1'
compiling heap_4.c...
compiling list.c...
compiling queue.c...
C:\Keil\FreeRTOS_V9.0.0rc2\FreeRTOS\Source\queue.c(472): warning:  #177-D: function "prvInitialiseMutex" was declared but never referenced
compiling tasks.c...
compiling port.c...
assembling portASM.s...
compiling led_blink_freertos.c...
assembling Startup.s...
linking...
Program Size: Code=10344 RO-data=32 RW-data=88 ZI-data=18232  
FromELF: creating hex file...
"led_blink.axf" - 0 Error(s), 1 Warning(s).
Rebuild target 'Target 1'
compiling heap_4.c...
compiling list.c...
compiling queue.c...
C:\Keil\FreeRTOS_V9.0.0rc2\FreeRTOS\Source\queue.c(472): warning:  #177-D: function "prvInitialiseMutex" was declared but never referenced
compiling tasks.c...
compiling port.c...
assembling portASM.s...
compiling led_blink_freertos.c...
assembling Startup.s...
linking...
Program Size: Code=10348 RO-data=32 RW-data=88 ZI-data=18232  
FromELF: creating hex file...
"led_blink.axf" - 0 Error(s), 1 Warning(s).
Rebuild target 'Target 1'
compiling heap_4.c...
compiling list.c...
compiling queue.c...
C:\Keil\FreeRTOS_V9.0.0rc2\FreeRTOS\Source\queue.c(471): warning:  #177-D: function "prvInitialiseMutex" was declared but never referenced
compiling tasks.c...
compiling port.c...
assembling portASM.s...
compiling led_blink_freertos.c...
assembling Startup.s...
linking...
Program Size: Code=10348 RO-data=32 RW-data=88 ZI-data=18232  
FromELF: creating hex file...
"led_blink.axf" - 0 Error(s), 1 Warning(s).
Rebuild target 'Target 1'
compiling heap_4.c...
compiling list.c...
compiling queue.c...
C:\Keil\FreeRTOS_V9.0.0rc2\FreeRTOS\Source\queue.c(471): warning:  #177-D: function "prvInitialiseMutex" was declared but never referenced
compiling tasks.c...
compiling port.c...
assembling portASM.s...
assembling Startup.s...
compiling led.c...
..\practice\led.c(13): warning:  #223-D: function "VtaskDelay" declared implicitly
..\practice\led.c(13): warning:  #223-D: function "pdms_To_TICKS" declared implicitly
..\practice\led.c(25): warning:  #223-D: function "VtaskDelay" declared implicitly
..\practice\led.c(25): warning:  #223-D: function "pdms_To_TICKS" declared implicitly
..\practice\led.c(36): warning:  #223-D: function "XTaskCreate" declared implicitly
..\practice\led.c(43): warning:  #1-D: last line of file ends without a newline
linking...
led_blink.axf: Error: L6218E: Undefined symbol VtaskDelay (referred from led.o).
led_blink.axf: Error: L6218E: Undefined symbol XTaskCreate (referred from led.o).
led_blink.axf: Error: L6218E: Undefined symbol pdms_To_TICKS (referred from led.o).
Target not created
Rebuild target 'Target 1'
compiling heap_4.c...
compiling list.c...
compiling queue.c...
C:\Keil\FreeRTOS_V9.0.0rc2\FreeRTOS\Source\queue.c(471): warning:  #177-D: function "prvInitialiseMutex" was declared but never referenced
compiling tasks.c...
compiling port.c...
assembling portASM.s...
assembling Startup.s...
compiling led.c...
..\practice\led.c(43): warning:  #1-D: last line of file ends without a newline
linking...
Program Size: Code=10348 RO-data=32 RW-data=88 ZI-data=18232  
FromELF: creating hex file...
"led_blink.axf" - 0 Error(s), 2 Warning(s).
Rebuild target 'Target 1'
compiling heap_4.c...
compiling list.c...
compiling queue.c...
C:\Keil\FreeRTOS_V9.0.0rc2\FreeRTOS\Source\queue.c(471): warning:  #177-D: function "prvInitialiseMutex" was declared but never referenced
compiling tasks.c...
compiling port.c...
assembling portASM.s...
assembling Startup.s...
compiling led.c...
linking...
Program Size: Code=10348 RO-data=32 RW-data=88 ZI-data=18232  
FromELF: creating hex file...
"led_blink.axf" - 0 Error(s), 1 Warning(s).
